<html>
<body>
<pre>
<h1>礦ision Build Log</h1>
<h2>Tool Versions:</h2>
IDE-Version: μVision V5.18.0.0
Copyright (C) 2016 ARM Ltd and ARM Germany GmbH. All rights reserved.
License Information: Yuntian ZHAO, MyCo., LIC=0VRMM-XA6MR-UMJ9A-1FDA3-40UQ5-ZKNTM
 
Tool Versions:
Toolchain:       MDK-ARM Professional  Version: 5.18
Toolchain Path:  C:\Keil_v5\ARM\ARMCC\Bin
C Compiler:      Armcc.exe V5.06 update 1 (build 61)
Assembler:       Armasm.exe V5.06 update 1 (build 61)
Linker/Locator:  ArmLink.exe V5.06 update 1 (build 61)
Library Manager: ArmAr.exe V5.06 update 1 (build 61)
Hex Converter:   FromElf.exe V5.06 update 1 (build 61)
CPU DLL:         SARMCM3.DLL V5.18
Dialog DLL:      DCM.DLL V1.13.6.0
Target DLL:      STLink\ST-LINKIII-KEIL_SWO.dll V2.0.18.0
Dialog DLL:      TCM.DLL V1.14.8.0
 
<h2>Project:</h2>
C:\Users\ZYT-Yoga\OneDrive - 南方科技大学\桌面\ME432Proj\test\MDK-ARM\ME432Proj.uvprojx
Project File Date:  11/08/2020

<h2>Output:</h2>
*** Using Compiler 'V5.06 update 1 (build 61)', folder: 'C:\Keil_v5\ARM\ARMCC\Bin'
Rebuild target 'ME432Proj'
assembling startup_stm32f767xx.s...
compiling gpio.c...
compiling i2c.c...
compiling main.c...
../Core/Inc/mpu9250.h(694): warning:  #1035-D: single-precision operand implicitly converted to double-precision
     factoryTrim[0] = (float)(2620/1<<FS)*(pow( 1.01 , ((float)selfTest[0] - 1.0) )); // FT[Xa] factory trim calculation
../Core/Inc/mpu9250.h(695): warning:  #1035-D: single-precision operand implicitly converted to double-precision
     factoryTrim[1] = (float)(2620/1<<FS)*(pow( 1.01 , ((float)selfTest[1] - 1.0) )); // FT[Ya] factory trim calculation
../Core/Inc/mpu9250.h(696): warning:  #1035-D: single-precision operand implicitly converted to double-precision
     factoryTrim[2] = (float)(2620/1<<FS)*(pow( 1.01 , ((float)selfTest[2] - 1.0) )); // FT[Za] factory trim calculation
../Core/Inc/mpu9250.h(697): warning:  #1035-D: single-precision operand implicitly converted to double-precision
     factoryTrim[3] = (float)(2620/1<<FS)*(pow( 1.01 , ((float)selfTest[3] - 1.0) )); // FT[Xg] factory trim calculation
../Core/Inc/mpu9250.h(698): warning:  #1035-D: single-precision operand implicitly converted to double-precision
     factoryTrim[4] = (float)(2620/1<<FS)*(pow( 1.01 , ((float)selfTest[4] - 1.0) )); // FT[Yg] factory trim calculation
../Core/Inc/mpu9250.h(699): warning:  #1035-D: single-precision operand implicitly converted to double-precision
     factoryTrim[5] = (float)(2620/1<<FS)*(pow( 1.01 , ((float)selfTest[5] - 1.0) )); // FT[Zg] factory trim calculation
../Core/Inc/mpu9250.h(704): warning:  #1035-D: single-precision operand implicitly converted to double-precision
       destination[i] = 100.0*((float)(aSTAvg[i] - aAvg[i]))/factoryTrim[i] - 100.; // Report percent differences
../Core/Inc/mpu9250.h(705): warning:  #1035-D: single-precision operand implicitly converted to double-precision
       destination[i+3] = 100.0*((float)(gSTAvg[i] - gAvg[i]))/factoryTrim[i+3] - 100.; // Report percent differences
../Core/Src/main.c: 8 warnings, 0 errors
compiling usart.c...
compiling stm32f7xx_it.c...
compiling stm32f7xx_hal_msp.c...
compiling stm32f7xx_hal_cortex.c...
compiling stm32f7xx_hal_i2c_ex.c...
compiling stm32f7xx_hal_i2c.c...
compiling stm32f7xx_hal_rcc.c...
compiling stm32f7xx_hal_rcc_ex.c...
compiling stm32f7xx_hal_flash.c...
compiling stm32f7xx_hal_flash_ex.c...
compiling stm32f7xx_hal_gpio.c...
compiling stm32f7xx_hal_dma.c...
compiling stm32f7xx_hal_pwr.c...
compiling stm32f7xx_hal_pwr_ex.c...
compiling stm32f7xx_hal_dma_ex.c...
compiling stm32f7xx_hal_exti.c...
compiling stm32f7xx_hal.c...
compiling stm32f7xx_hal_tim.c...
compiling stm32f7xx_hal_tim_ex.c...
compiling stm32f7xx_hal_uart_ex.c...
compiling stm32f7xx_hal_uart.c...
compiling system_stm32f7xx.c...
linking...
Program Size: Code=14810 RO-data=566 RW-data=148 ZI-data=1292  
FromELF: creating hex file...
"ME432Proj\ME432Proj.axf" - 0 Error(s), 8 Warning(s).

<h2>Software Packages used:</h2>

Package Vendor: ARM
                http://www.keil.com/pack/ARM.CMSIS.4.5.0.pack
                ARM::CMSIS:CORE:4.3.0
                CMSIS (Cortex Microcontroller Software Interface Standard)
   * Component: CORE Version: 4.3.0

<h2>Collection of Component include folders:</h2>
  C:\Users\ZYT-Yoga\OneDrive - 南方科技大学\桌面\ME432Proj\test\MDK-ARM\RTE
  C:\Keil_v5\ARM\PACK\ARM\CMSIS\4.5.0\CMSIS\Include
  C:\Keil_v5\ARM\PACK\Keil\STM32F7xx_DFP\2.13.0\Drivers\CMSIS\Device\ST\STM32F7xx\Include

<h2>Collection of Component Files used:</h2>

   * Component: ARM::CMSIS:CORE:4.3.0
Build Time Elapsed:  00:02:23
</pre>
</body>
</html>
